Independent unfinished-retrospective wrap-up checks for /private/tmp/dough-wrap-up-039-s3.CTmm5v/fixture
time: 2026-09-10T07:33:40Z
PASS: transcript contains type=result
PASS: installed wrap-up skill was read or used
PASS: no wrap-up-complete marker
PASS: report mentions missing retrospective completion
PASS: preserved path present: planning/plans/trim-names.md
PASS: preserved path present: planning/plans/trim-names/evidence/cli-run.txt
PASS: preserved path present: planning/plans/formal-titles.md
PASS: preserved path present: planning/seeds/SEED-001-greeting.md
PASS: Trim names slices remain done
PASS: retrospective remains unfinished
PASS: Trim names section remains in seed
PASS: Trim names queue entry remains
PASS: protected bytes identical: planning/seeds/SEED-001-greeting.md
PASS: protected bytes identical: DearDough.md
PASS: protected bytes identical: planning/PRODUCT-BACKLOG.md
PASS: protected bytes identical: README.md
PASS: protected bytes identical: planning/plans/trim-names.md
PASS: protected bytes identical: planning/plans/trim-names/evidence/cli-run.txt
PASS: protected bytes identical: planning/plans/formal-titles.md
PASS: protected bytes identical: src/greet.mjs
PASS: protected bytes identical: test/greet.test.mjs
PASS: protected bytes identical: AGENTS.md
PASS: product tree file hashes identical
PASS: no deletion: product file list identical
PASS: Git HEAD unchanged: f15e7d53ff35444c011d9e8a99b557d5529659a3
PASS: no invented seed file besides SEED-001-greeting.md
PASS: no archive, tombstone, finished-list, or replacement history file
summary: pass=27 fail=0
