Independent Trim names closure checks for /private/tmp/dough-wrap-up-039-s3.CTmm5v/fixture
time: 2026-09-10T07:37:01Z
PASS: transcript contains type=result
PASS: installed wrap-up skill was read or used
PASS: wrap-up-complete marker present
FAIL: spent path still present: planning/plans/trim-names.md
FAIL: spent path still present: planning/plans/trim-names/evidence/cli-run.txt
PASS: preserved path present: planning/plans/formal-titles.md
PASS: preserved path present: planning/seeds/SEED-001-greeting.md
PASS: preserved path present: src/greet.mjs
PASS: preserved path present: test/greet.test.mjs
PASS: completed Trim names section absent from seed
PASS: Formal titles remains in seed
PASS: Formal titles plan link remains the canonical home
PASS: spent DearDough occurrence absent
PASS: unrelated DearDough text remains
PASS: completed Trim names queue entry absent
queue items (1):
  - [Formal titles](seeds/SEED-001-greeting.md#formal-titles) — SEED-001
PASS: queue has one remaining entry
PASS: remaining queue entry is Formal titles
PASS: queue does not add a duplicate Formal titles plan entry
PASS: Formal titles remains a story-home queue entry
PASS: Formal titles queued once
PASS: near-future direction bytes unchanged
PASS: no invented seed file besides SEED-001-greeting.md
PASS: no archive, tombstone, finished-list, or replacement history file
PASS: remaining Markdown links resolve; no live link to a removed path
before-cleanup commit: f8fbd45
PASS: git show recovers planning/plans/trim-names.md from f8fbd45
PASS: git show recovers spent evidence from f8fbd45
PASS: README has no spent Trim names identity phrases
summary: pass=25 fail=2
