Independent checks for /private/tmp/dough-wrap-up-039.KeOIhE/fixture
time: 2026-09-10T06:16:14Z
PASS: transcript contains turn.completed
PASS: installed wrap-up skill was read or used
PASS: spent path absent: planning/plans/trim-names.md
PASS: spent path absent: planning/plans/trim-names/evidence/cli-run.txt
PASS: spent evidence directory empty or absent of files
PASS: completed Trim names section absent from seed
PASS: sibling Formal titles remains in seed
PASS: completed queue entry absent from backlog
PASS: unrelated Formal titles queue entry remains
PASS: spent DearDough occurrence absent
PASS: unrelated DearDough text remains
PASS: preserved path present: src/greet.mjs
PASS: preserved path present: test/greet.test.mjs
PASS: near-future direction bytes unchanged
PASS: remaining Markdown links resolve; no live link to a removed path
PASS: no archive, tombstone, finished-list, or replacement history file
FAIL: lasting knowledge phrase missing from README.md
PASS: README has no spent story/plan identity or retrospective judgment phrases
before-cleanup commit: 8f3a441
FAIL: git show cannot recover planning/plans/trim-names.md from 8f3a441
FAIL: git show cannot recover spent evidence from 8f3a441
summary: pass=17 fail=3
