Independent unfinished-retrospective wrap-up checks for /private/tmp/dough-wrap-up-039-s3.CTmm5v/fixture
time: 2026-09-10T07:30:08Z
PASS: transcript contains type=result
PASS: installed wrap-up skill was read or used
FAIL: wrap-up-complete marker emitted on a refusal
PASS: report mentions missing retrospective completion
FAIL: preserved path missing: planning/plans/trim-names.md
FAIL: preserved path missing: planning/plans/trim-names/evidence/cli-run.txt
PASS: preserved path present: planning/plans/formal-titles.md
PASS: preserved path present: planning/seeds/SEED-001-greeting.md
PASS: Trim names slices remain done
PASS: retrospective remains unfinished
FAIL: Trim names section deleted during unfinished retrospective
FAIL: Trim names queue entry deleted during unfinished retrospective
FAIL: protected bytes changed: planning/seeds/SEED-001-greeting.md before=1bda10cdce0b893e227f06ca1ba8acb44a1f4a66ad7954fbbe018cee2ed50150 after=6a4423f5f6c31b6be16562c093af51e5fbb401e3b2fd1ec788f22a2f8e45d88a
FAIL: protected bytes changed: DearDough.md before=b6da5beae2b02489defd82b78ca2e8013a973882c0419fd21a89aca43952c0da after=b2505e9c54a4cd51f450d5cbecc9abb3c624bae5a82aa7b48249dd51db8ac4ee
FAIL: protected bytes changed: planning/PRODUCT-BACKLOG.md before=c11aa7217433e017297fa4f27a03c566625a689e0deb3ed1a7b3e6cb2f860345 after=9848569f0e6090143e9c154703b5a02daa92f5c36b5e75a7c78c7a64d1da7ea8
PASS: protected bytes identical: README.md
FAIL: protected bytes changed: planning/plans/trim-names.md before=3b63f657eeb8c7e8af707998ad4e2993919f5038727d3e4604d9a0ecca28e6e7 after=ABSENT
FAIL: protected bytes changed: planning/plans/trim-names/evidence/cli-run.txt before=0e367b95da341e0db2b8824f1988c826c61d3bfb588bcfe12f1b9f028fc007f5 after=ABSENT
PASS: protected bytes identical: planning/plans/formal-titles.md
PASS: protected bytes identical: src/greet.mjs
PASS: protected bytes identical: test/greet.test.mjs
PASS: protected bytes identical: AGENTS.md
FAIL: product tree file hashes changed
--- /private/tmp/open-dough-quick-039-native-wrap-up-acceptance/.planning/quick/039-native-wrap-up-acceptance/evidence/slice-3/fixture-before-retrospective/full-file-hashes.txt	2026-09-10 15:28:17
+++ /var/folders/65/16p4k5qj42qg7l46k2j0nhj40000gn/T/tmp.8bIitDz6Qx	2026-09-10 15:30:08
@@ -1,10 +1,8 @@
 6326aa43bc5b3148908eec6616b17693d39619cb490d63f5fbe67f07af7e09b9  ./AGENTS.md
-b6da5beae2b02489defd82b78ca2e8013a973882c0419fd21a89aca43952c0da  ./DearDough.md
+b2505e9c54a4cd51f450d5cbecc9abb3c624bae5a82aa7b48249dd51db8ac4ee  ./DearDough.md
 e4e12cb51203adfb3dbfc9f655a01b29fbba0a63ca170ce5087a1de346b3efdf  ./README.md
-c11aa7217433e017297fa4f27a03c566625a689e0deb3ed1a7b3e6cb2f860345  ./planning/PRODUCT-BACKLOG.md
+9848569f0e6090143e9c154703b5a02daa92f5c36b5e75a7c78c7a64d1da7ea8  ./planning/PRODUCT-BACKLOG.md
 9cacf6c64011084cb4c7e00e634c4d7b8e5c87febf7521d342e2feaf45ccf9ca  ./planning/plans/formal-titles.md
-3b63f657eeb8c7e8af707998ad4e2993919f5038727d3e4604d9a0ecca28e6e7  ./planning/plans/trim-names.md
-0e367b95da341e0db2b8824f1988c826c61d3bfb588bcfe12f1b9f028fc007f5  ./planning/plans/trim-names/evidence/cli-run.txt
-1bda10cdce0b893e227f06ca1ba8acb44a1f4a66ad7954fbbe018cee2ed50150  ./planning/seeds/SEED-001-greeting.md
+6a4423f5f6c31b6be16562c093af51e5fbb401e3b2fd1ec788f22a2f8e45d88a  ./planning/seeds/SEED-001-greeting.md
 74607a4dbbb0660ed0c56ce754d8275d9a17a3fb6f289fdc5713902862bef175  ./src/greet.mjs
 7914f2d3f8d438cbebcf643249562bcb314718b787f07f775ff6cee7d78a190c  ./test/greet.test.mjs
FAIL: product file list changed (deletion or addition)
--- /private/tmp/open-dough-quick-039-native-wrap-up-acceptance/.planning/quick/039-native-wrap-up-acceptance/evidence/slice-3/fixture-before-retrospective/file-list.txt	2026-09-10 15:28:16
+++ /var/folders/65/16p4k5qj42qg7l46k2j0nhj40000gn/T/tmp.a0AFvvF0pf	2026-09-10 15:30:08
@@ -6,10 +6,6 @@
 ./planning/PRODUCT-BACKLOG.md
 ./planning/plans
 ./planning/plans/formal-titles.md
-./planning/plans/trim-names
-./planning/plans/trim-names.md
-./planning/plans/trim-names/evidence
-./planning/plans/trim-names/evidence/cli-run.txt
 ./planning/seeds
 ./planning/seeds/SEED-001-greeting.md
 ./src
FAIL: Git HEAD changed on refusal: b6456d84c1800441033d4888f095e06485609413 -> cba27dbe0e63e8a2869879b6828e4c2ea04d5755
PASS: no invented seed file besides SEED-001-greeting.md
PASS: no archive, tombstone, finished-list, or replacement history file
summary: pass=14 fail=13
