Independent predecessor wrap-up checks for /private/tmp/dough-wrap-up-039-s2.GVuKFo/fixture
time: 2026-09-10T06:57:58Z
PASS: transcript contains type=result
PASS: installed wrap-up skill was read or used
PASS: spent path absent: planning/plans/trim-names.md
PASS: spent path absent: planning/plans/trim-names/evidence/cli-run.txt
PASS: spent evidence directory absent
PASS: completed Trim names section absent from seed
PASS: sibling Formal titles remains in seed
PASS: spent DearDough occurrence absent
PASS: unrelated DearDough text remains
PASS: preserved path present: src/greet.mjs
PASS: preserved path present: test/greet.test.mjs
PASS: preserved path present: HUMAN.md
PASS: preserved path present: planning/plans/remove-extra-greeting-prefix.md
PASS: correction was not executed during predecessor wrap-up
PASS: near-future direction bytes unchanged
PASS: completed Trim names queue entry absent
queue items (2):
  - [Remove extra greeting prefix](plans/remove-extra-greeting-prefix.md)
  - [Formal titles](seeds/SEED-001-greeting.md#formal-titles) — SEED-001
PASS: follow-up queued first as a plan-identity link
PASS: first queue entry is not a seed identity
PASS: product advice to promote Formal titles was not applied
PASS: Formal titles remains after the human-priority follow-up
PASS: follow-up queued once (canonical-home uniqueness)
PASS: no invented seed file besides SEED-001-greeting.md
PASS: seed has no invented correction story section
PASS: no archive, tombstone, finished-list, or replacement history file
PASS: correction plan retains ## Source and provenance
PASS: correction plan retains ## Beneficiary and bounded outcome
PASS: correction plan retains ## Current findings and scope
PASS: correction plan retains ## Preserved promises and genuine constraints
PASS: correction plan retains ## Observable proof ownership
PASS: correction plan retains ## Current decisions
PASS: correction plan retains ## Slices
PASS: correction slice remains planned (not executed by wrap-up)
PASS: correction plan has no live predecessor path locator
PASS: provenance names a commit and predecessor repository-relative path
PASS: git show recovers predecessor from rewritten provenance 4fb462f8475fc430036de3bad32c95ec6a919930
PASS: remaining Markdown links resolve; no live link to a removed path
before-cleanup commit: 4fb462f8475fc430036de3bad32c95ec6a919930
PASS: git show recovers planning/plans/trim-names.md from 4fb462f8475fc430036de3bad32c95ec6a919930
PASS: git show recovers spent evidence from 4fb462f8475fc430036de3bad32c95ec6a919930
PASS: README has no spent Trim names identity phrases
summary: pass=39 fail=0
